// Jest Snapshot v1, https://goo.gl/fbAQLP

exports[`This suit is to test the App component Snapshot of App 1`] = `
<DocumentFragment>
  .c4 {
  display: -webkit-box;
  display: -webkit-flex;
  display: -ms-flexbox;
  display: flex;
  -webkit-flex-direction: column;
  -ms-flex-direction: column;
  flex-direction: column;
  -webkit-align-items: center;
  -webkit-box-align: center;
  -ms-flex-align: center;
  align-items: center;
  -webkit-box-pack: center;
  -webkit-justify-content: center;
  -ms-flex-pack: center;
  justify-content: center;
  padding: 10px;
  width: 100px;
  height: 100px;
  background-color: #f5f5f5;
  box-sizing: border-box;
  border: 1px solid #ccc;
}

.c0 {
  display: -webkit-box;
  display: -webkit-flex;
  display: -ms-flexbox;
  display: flex;
  -webkit-flex-direction: column;
  -ms-flex-direction: column;
  flex-direction: column;
  -webkit-align-items: center;
  -webkit-box-align: center;
  -ms-flex-align: center;
  align-items: center;
  padding: 10px;
  width: 100vw;
  height: 100vh;
  background-color: #f5f5f5;
  box-sizing: border-box;
}

.c0 h1 {
  margin: 10px 0;
}

.c0 p {
  margin: 5px 0;
}

.c3 {
  margin-top: 20px;
  display: grid;
  grid-template-columns: repeat(3,1fr);
  grid-template-rows: repeat(3,1fr);
  width: 300px;
  height: 300px;
}

.c5 {
  margin-top: 20px;
  min-width: 100px;
  height: 30px;
  background-color: #f5f5f5;
  border: 1px solid #ccc;
  border-radius: 5px;
  cursor: pointer;
  outline: none;
  font-size: 16px;
  font-weight: bold;
  color: #333;
  -webkit-transition: all 0.2s ease-in-out;
  transition: all 0.2s ease-in-out;
  visibility: hidden;
}

.c5:hover {
  background-color: #ccc;
  color: #333;
}

.c1 {
  min-width: 100px;
  height: 30px;
  background-color: #f5f5f5;
  border: 1px solid #ccc;
  border-radius: 5px;
  cursor: pointer;
  outline: none;
  font-size: 16px;
  font-weight: bold;
  color: #333;
  -webkit-transition: all 0.2s ease-in-out;
  transition: all 0.2s ease-in-out;
}

.c1:hover {
  background-color: #ccc;
  color: #333;
}

.c2 {
  visibility: hidden;
}

<div
    class="c0"
  >
    <h1>
      Tic Tac Toe
    </h1>
    <p>
      The game is played on a 3x3 grid.
    </p>
    <p>
      The game is played by two players.
    </p>
    <p>
      The first player to get three in a row wins.
    </p>
    <button
      class="c1"
      data-testid="undo-button"
    >
      Undo
    </button>
    <p
      class="c2"
      data-testid="result"
    />
    <div
      class="c3"
    >
      <div
        class="c4"
        data-testid="square-0"
      />
      <div
        class="c4"
        data-testid="square-1"
      />
      <div
        class="c4"
        data-testid="square-2"
      />
      <div
        class="c4"
        data-testid="square-3"
      />
      <div
        class="c4"
        data-testid="square-4"
      />
      <div
        class="c4"
        data-testid="square-5"
      />
      <div
        class="c4"
        data-testid="square-6"
      />
      <div
        class="c4"
        data-testid="square-7"
      />
      <div
        class="c4"
        data-testid="square-8"
      />
    </div>
    <button
      class="c5"
      data-testid="restart-button"
    >
      Play Again?
    </button>
    <p>
      Github: 
      <a
        href="https://github.com/kennarddh/tic-tac-toe-react"
      >
        Tic Tac Toe React
      </a>
    </p>
  </div>
</DocumentFragment>
`;
