// Jest Snapshot v1, https://goo.gl/fbAQLP

exports[`This suit is to test the Square component Snapshot of Square 1`] = `
<DocumentFragment>
  <div
    class="sc-bczRLJ gkhTDj"
    data-testid="square-container"
  >
    1
  </div>
</DocumentFragment>
`;
